in der nacht vor allem über dem süden dichte wolken ; dort regnet es kräftig und für längere zeit , aber auch sonst immer wieder kräftige schauer und kurze gewitter 
morgen 8 grad im saar- und emsland ; 13 grad im raum dresden . 
über dem westlichen und mittleren mittelmeer dagegen schauer und gewitter . 
vom meer weht ein leichter , mäßiger nordwestwind ; nach süden macht sich der wind kaum bemerkbar , er dreht auf nordost . 
südlich des alpenhauptkamms und auf der nordseite der ostalpen , beispielsweise in österreich fällt über ostern schnee ; in den westalpen dagegen kaum noch neuschnee . 
über dem golf von genua entwickelt sich ein tief , das sich kräftigt und nach südosten ausweitet . 
am meer , auf den bergen und dort , wo schauer fallen starke bis stürmische böen . 
an den alpen liegt die schneefallgrenze bei eintausend metern , tendenz steigend 
stellenweise werte darunter . 
und nun die wettervorhersage für morgen sonntag , den 11. april . 
über das emsland und die nordsee ziehen am nachmittag ebenfalls dichtere wolken durch , ab und an ein schauer , sonst sonne . 
mittwoch wird der schönste tag , bundesweit viel sonne , am oberrhein bis 19 grad . 
nach mitternacht in schleswig-holstein wieder etwas regen . 
am dienstag ist es nicht mehr ganz so freundlich wie morgen : im nordwesten und südosten kommen wolken auf ; und es regnet etwas , immerhin 7 bis 18 grad . 
in den höhenlagen österreichs schneit es kräftig , sonnig und heiß ist es dagegen in der türkei . 
am mittwoch bundesweit viel sonne , bis 19 grad im breisgau ; gleiches gilt für den donnerstag . 
am tag wechseln sonne und wolken einander ab , am alpenrand fällt etwas regen 
am donnerstag im südosten recht freundlich , im nordwesten wechselhaftes schauerwetter . 
ansonsten beschert uns das hoch meist sonne . 
der wind weht schwach bis mäßig aus südost , in schauernähe frischt er böig auf . 
und nun die wettervorhersage für morgen samstag , den 16. april . 
wo es nass wird , bildet sich morgen früh nebel . 
ab sonntag fließt kühlere luft nach deutschland und die temperaturen sinken . 
noch fließt südliche warmluft nach deutschland , aber ab sonntag lenkt das atlantiktief kühlere meeresluft zu uns , mit der auch schauer und gewitter heranziehen . 
der wind weht meist schwach aus südosten , ab und zu frischt er böig auf . 
am montag weiten sich die schauer nach osten aus . 
und das lenkt am montag kühle meeresluft und regenwolken nach deutschland . 
in der osthälfte weht ein schwacher südostwind , im westen bläst er mäßig bis frisch und dreht auf süd bis südwest , zum teil mit kräftigen schauerböen . 
wettervorhersage für montag , den 19. april . 
zwischen elbe und oder beginnt der tag noch trocken , aber bis morgen nachmittag erreicht der regen auch diese gebiete , zum teil mit blitz und donner . 
am mittwoch meist eine trockene mischung aus sonne und wolken . 
am tag bilden sich zwischen der ostsee und sachsen zunächst noch einzelne schauer . 
am mittwoch bleibt es trocken und es scheint häufig die sonne . 
die zugehörige kaltfront trifft bei uns auf warmluft und dabei bilden sich gewitter , zum teil mit heftigem regen und hagel . 
am rhein bleibt es in der nacht bei 12 grad mild , in den übrigen gebieten 10 bis 5 grad . 
nun die wettervorhersage für morgen , samstag , den 23. april . 
im tagesverlauf breiten sich wolken und schauer bis nach nordrhein westfalen , hessen und bayern aus . 
am sonntag anfangs im nordosten zeitweise sonnig , später auch dort wolkiger aber trocken . 
im süden der republik sorgt ein tief das nach frankreich zieht für regen , schauer und gewitter . 
nördlich einer linie münsterland - erzgebirge bleibt es sonnig und trocken . 
an den alpen föhn . 
sonst ist der himmel verbreitet klar , stellenweise bildet sich nebel . 
am montag und dienstag gibt es im norden und osten viele wolken und etwas regen , sonst ist es freundlich und sehr mild . 
am tag breiten sich die wolken nach norden aus , in küstennähe und an der oder bleibt es trocken , von der ostsee bis zur lausitz auch freundlich . 
am dienstag im norden und osten freundlich , im süden und westen schauer . 
zwischen schleswig holstein und mecklenburg-vorpommern bildet sich nebel . 
am tag steigen die temperaturen auf 11 bis 17 grad in der osthälfte , im westen wird es insgesamt wärmer , im südwesten bis 21 grad . 
wolken eines tiefs über frankreich erfassen morgen den südwesten deutschlands . 
schwacher wind an der ostseeküste und auf den bergen mäßiger wind . 
am ersten mai wird es kühler , nur in südost bayern bleibt es noch warm , am vormittag sonne und wolken , am nachmittag zuerst im westen , schauer und gewitter . 
vor allem westlich des rheins kann es heute nacht gewittern , der tag startet im osten und nordosten sonnig . 
am ersten mai sind am nachmittag vor allem der nordwesten und südwesten von schauern und gewittern betroffen . 
morgen nachmittag erreichen uns die ausläufer eines tiefs bei großbritannien . 
am tag , wo sich der nebel zäh hält minus ein grad ; am rhein bis 6 grad . 
der deutsche wetterdienst warnt vor unwettern . 
bis morgen abend schneit es vor allem am alpennordrand sowie auf den nordseiten der berge kräftig . 
im nordwesten regen , windig . 
seine wolken bringen vor allem im norden und osten deutschlands regen , im südosten eher schnee . 
am nachmittag beginnt es in ostseenähe aufzulockern . 
und nun die wettervorhersage für morgen mittwoch , den 21. dezember . 
im übrigen land viele wolken , die noch regen , in höheren lagen auch schnee bringen . 
an der nordsee 4 bis 5 grad plus . 
der ausläufer eines tiefs zieht in der nacht und morgen über deutschland hinweg . 
im südosten schneit es , sonst fällt aus vielen wolken etwas regen oder nieselregen . 
an heiligabend weiterhin dichte wolken , in der nordhälfte regnet es gelegentlich . 
die temperaturen steigen kräftig an , der sommer kehrt zurück . 
morgen tagsüber 18 grad an den küsten , 22 grad in berlin , im breisgau bis 27 grad . 
zumindest in der mitte und im süden hat der sommer heute einen freundlichen start hingelegt 
morgen schwacher bis mäßiger wind ; am meer weht er auch mal frisch aus südwest ; im nordosten kommt er aus südlicher richtung . 
am wochenende wird es dann schon wieder kühler . 
in der nacht auf samstag erreicht uns dann schon wieder kühlere luft . 
bei gewittern starker , teilweise stürmischer wind . sonst weht der wind schwach bis mäßig . 
und nun die wettervorhersage für morgen samstag , den 25. juni . 
der wind weht zunächst aus südwest , später dreht er in der nordhälfte auf nord und weht schwach bis mäßig , an der küste auch frisch , in gewitternähe einzelne sturmböen . 
genau über deutschland trifft subtropische luft aus süden auf kühlere luft aus norden . 
der wind dreht auf nordwest und weht schwach bis mäßig , in schauer und gewitternähe muss mit schweren sturmböen gerechnet werden . 
und nun die wettervorhersage für morgen montag , den 27. juni . 
am nachmittag vom schwarzwald bis zum bayrischen wald einzelne kurze schauer und gewitter . 
am donnerstag verbreitet schauer und gewitter . 
morgen ziehen über den norden zunächst ein paar wolkenfelder , die sich aber rasch auflösen ; es wird sonnig . 
auch am donnerstag und am freitag ist es gewittrig ; am freundlichsten wird es an der ostseeküste . 
nur der nordosten profitiert noch von dem hoch . 
heute nacht 7 bis 20 grad . 
von westen kommen schauer und gewitter auf uns zu , mit ihnen deutlich kühlere luft . 
die nachttemperaturen liegen zwischen 10 und 15 grad . 
am montag durchweg schauer und gewitter . 
vorsicht , die nässe kann überfrieren . 
am tag im osten und südosten 0 bis 3 grad , im westen milder , am rhein bis 7 grad . 
morgen ist es überwiegend freundlich , in der mitte und im norden auch sonnig . 
dazu gibt es stürmischen wind an der küste und auf den bergen orkanartige böen . 
heute nacht breiten sich wolken mit schnee und regen von den küsten bis an den main aus . 
das wochenende wird ungemütlich : die temperaturen sinken , es fällt häufig regen oder schnee und es bleibt stürmisch . 
und nun die wettervorhersage für morgen samstag , den 12. märz . 
zum abend lassen die schauer nach . 
zu beginn der neuen woche wird es freundlicher und zunehmend milder . 
auch am tag gibt es von der nordsee bis zum bayrischen wald wiederholt schauer . 
am montag ist es süden freundlich , nach norden und osten gibt es dichtere wolken und schauer . 
heute nacht ist der himmel über dem süden aufgelockert , stellenweise auch klar . 
morgen in bayern stellenweise nur 2 grad , sonst 5 bis 9 , im südwesten bis 11 grad . 
im süden dank hochdruckeinfluss viel sonne . 
